// Jest Snapshot v1, https://goo.gl/fbAQLP

exports[`Controls component should render controls 1`] = `
<DocumentFragment>
  <div>
    <form>
      <label
        for="url"
      >
        URL
      </label>
      <input
        name="url"
        type="text"
        value="blank"
      />
      <label
        for="method"
      >
        HTTP Request Method
      </label>
      <select
        name="method"
      >
        <option
          value="GET"
        >
          GET
        </option>
        <option
          value="POST"
        >
          POST
        </option>
        <option
          value="PUT"
        >
          PUT
        </option>
        <option
          value="PATCH"
        >
          PATCH
        </option>
        <option
          value="DELETE"
        >
          DELETE
        </option>
      </select>
      <textarea>
        blank
      </textarea>
    </form>
  </div>
</DocumentFragment>
`;
